// Jest Snapshot v1, https://goo.gl/fbAQLP

exports[`accordion component should render as expected 1`] = `
Array [
  <div
    className="accordion"
    data-jsx={800370740}
>
    <button
        className="accordion__btn"
        data-jsx={800370740}
        onClick={[Function]}
        style={
            Object {
                "background": "#687f87",
                "color": "",
              }
        }
    >
        acn int
         
        <i
            className="ion-chevron-down"
            data-jsx={800370740}
        />
    </button>
    <div
        className="accordion__content"
        data-jsx={800370740}
        style={
            Object {
                "display": "none",
              }
        }
    >
        <div
            dangerouslySetInnerHTML={
                Object {
                    "__html": "this is his content",
                  }
            }
            data-jsx={800370740}
        />
    </div>
    <_class
        css=".accordion__btn[data-jsx=\\"800370740\\"]{width:100%, height:60px, border:none, border-radius:0, font-size:18px, font-weight:normal,}"
        styleId={800370740}
    />
</div>,
]
`;
