// Jest Snapshot v1, https://goo.gl/fbAQLP

exports[`component projects should render as expected 1`] = `
Array [
  <ul
    className="projects__icons"
>
    <li
        id="projects-1"
    >
        <a
            href="#"
            onClick={[Function]}
        >
            <svg
                height="67px"
                version="1.1"
                viewBox="0 0 68 67"
                width="68px"
            >
                <path
                    d="M67.3673112,32.026012 C67.2600797,30.6734635 66.0912564,29.6302188 64.6758007,29.6302188 L3.22679192,29.6302188 C1.81669775,29.6302188 0.647874444,30.6734635 0.540642948,32.026012 C0.513835074,32.3667703 -0.043768705,40.471576 6.54560672,47.2972274 C11.8750121,52.8227547 20.2015377,55.7952158 31.2517434,56.2146107 L31.2517434,61.006197 L21.5365699,61.006197 C20.0460521,61.006197 18.8396977,62.1647753 18.8396977,63.5959602 C18.8396977,65.0271452 20.0460521,66.1857235 21.5365699,66.1857235 L45.9102889,66.1857235 C47.4008067,66.1857235 48.6125226,65.0271452 48.6125226,63.5959602 C48.6125226,62.1647753 47.4008067,61.006197 45.9102889,61.006197 L36.6454876,61.006197 L36.6454876,56.2146107 C47.6956933,55.7952158 56.0275805,52.8227547 61.3569859,47.2972274 C67.9463613,40.471576 67.3941191,32.3667703 67.3673112,32.026012 L67.3673112,32.026012 Z M61.8395276,34.8097454 C61.5017484,37.0797201 60.4669644,40.5973945 57.4055052,43.7743106 C52.7034041,48.6445334 44.811166,51.1137206 33.9539771,51.1137206 C23.1450423,51.1137206 15.2796121,48.6655031 10.5667878,43.8424622 C7.45171286,40.6498188 6.40620578,37.0954474 6.06306499,34.8097454 L61.8395276,34.8097454 Z M46.6501862,13.3734255 C46.6501862,6.44292538 40.7846234,0.80206448 33.5679437,0.80206448 C26.351264,0.80206448 20.4803396,6.44292538 20.4803396,13.3734255 C20.4803396,20.3039256 26.351264,25.9447865 33.5679437,25.9447865 C40.7846234,25.9447865 46.6501862,20.3039256 46.6501862,13.3734255 L46.6501862,13.3734255 Z M41.256442,13.3734255 C41.256442,17.4467981 37.8089494,20.7600175 33.5679437,20.7600175 C29.326938,20.7600175 25.8740839,17.4467981 25.8740839,13.3734255 C25.8740839,9.30005288 29.326938,5.98683346 33.5679437,5.98683346 C37.8089494,5.98683346 41.256442,9.30005288 41.256442,13.3734255 L41.256442,13.3734255 Z"
                    fill="#B91325"
                    fillRule="evenodd"
                    id="Fill-7"
                    stroke="none"
                />
            </svg>
        </a>
    </li>
    <li
        id="projects-2"
    >
        <a
            href="#"
            onClick={[Function]}
        >
            <svg
                height="58px"
                version="1.1"
                viewBox="115 0 59 58"
                width="59px"
            >
                <defs />
                <path
                    d="M167.517255,38.9955022 C167.707985,38.6134211 167.824284,38.3996377 167.828936,38.3905405 C168.359259,37.4034978 168.070837,36.1844773 167.14975,35.5294812 L159.00883,29.7436824 C158.338948,29.2660811 157.450425,29.1842065 156.692156,29.5208018 C156.231613,29.7300366 154.556909,30.6352048 152.663564,33.4416812 C150.146856,33.1323774 147.244037,32.9322397 144.201658,32.9322397 C141.131368,32.9322397 138.25646,33.1323774 135.749057,33.4416812 C133.855711,30.6352048 132.181008,29.7300366 131.720464,29.5208018 C130.962195,29.179658 130.073672,29.2615325 129.403791,29.7436824 L121.267522,35.5294812 C120.341783,36.1844773 120.053362,37.4034978 120.583685,38.3905405 C120.588337,38.3996377 120.695332,38.5997754 120.876758,38.9545649 C117.83438,41.3016343 115.196721,44.672135 115.196721,49.2798506 C115.196721,57.6674395 121.704806,57.6674395 127.654656,57.6674395 L160.962651,57.6674395 C164.135284,57.6674395 166.879937,57.6674395 169.098919,56.6940425 C171.834269,55.4886677 173.215899,52.9914951 173.215899,49.2798506 C173.215899,44.7039751 170.564285,41.3425715 167.517255,38.9955022 L167.517255,38.9955022 Z M124.979782,53.0551753 C120.47669,52.9187178 119.890544,52.2227844 119.890544,49.2798506 C119.890544,47.2056963 120.69068,44.9950845 122.728236,43.0573877 C123.109696,43.994396 123.50046,45.0269246 123.863313,46.1185847 C124.654145,48.488397 124.910003,51.1948044 124.979782,53.0551753 L124.979782,53.0551753 Z M136.921349,53.1779871 L129.594521,53.1779871 C129.524741,51.0174097 129.23632,47.7151377 128.240802,44.726718 C127.319715,41.9702761 126.263721,39.5777209 125.533364,38.0493967 L130.683078,34.3877866 C131.678596,35.4294124 133.283521,37.6263784 134.716323,41.8974988 C136.344507,46.7690322 136.80505,50.8491121 136.921349,53.1779871 L136.921349,53.1779871 Z M150.356194,37.7764817 C150.002646,38.604324 149.658401,39.5049436 149.32346,40.5056321 C147.504546,45.9366414 147.006787,50.4533853 146.885836,53.0870154 L141.526784,53.0870154 C141.410485,50.4533853 140.908074,45.9366414 139.08916,40.5056321 C138.754219,39.5049436 138.409975,38.604324 138.056426,37.7764817 C139.926512,37.6081841 141.964068,37.5126638 144.201658,37.5126638 C146.4439,37.5126638 148.481456,37.6081841 150.356194,37.7764817 L150.356194,37.7764817 Z M162.879256,38.0493967 C162.148899,39.5777209 161.092905,41.9702761 160.171818,44.726718 C159.1763,47.7151377 158.892531,51.0174097 158.822752,53.1779871 L151.491271,53.1779871 C151.60757,50.8491121 152.068113,46.7690322 153.696298,41.8974988 C155.138404,37.6036355 156.74798,35.411218 157.72489,34.3877866 L162.879256,38.0493967 Z M168.526729,49.2798506 C168.526729,51.9180293 167.642858,52.3046589 167.168358,52.5184424 C166.307747,52.8959749 164.967984,53.0187866 163.432839,53.0642725 C163.502618,51.2039016 163.753823,48.5020427 164.549308,46.1185847 C164.91216,45.0269246 165.302924,43.994396 165.684385,43.0573877 C167.726593,44.9996331 168.526729,47.2056963 168.526729,49.2798506 L168.526729,49.2798506 Z M158.725061,15.1973108 C158.725061,7.33280908 152.170456,0.9375 144.108619,0.9375 C136.051434,0.9375 129.492178,7.33280908 129.492178,15.1973108 C129.492178,23.0572639 136.051434,29.452573 144.108619,29.452573 C152.170456,29.452573 158.725061,23.0572639 158.725061,15.1973108 L158.725061,15.1973108 Z M154.026586,15.1973108 C154.026586,20.5327998 149.579318,24.8721489 144.108619,24.8721489 C138.637921,24.8721489 134.186,20.5327998 134.186,15.1973108 C134.186,9.85727319 138.637921,5.51792407 144.108619,5.51792407 C149.579318,5.51792407 154.026586,9.85727319 154.026586,15.1973108 L154.026586,15.1973108 Z"
                    fill="#00355F"
                    fillRule="evenodd"
                    id="Fill-10"
                    stroke="none"
                />
            </svg>
        </a>
    </li>
    <li
        id="projects-3"
    >
        <a
            href="#"
            onClick={[Function]}
        >
            <svg
                height="58px"
                version="1.1"
                viewBox="226 0 59 58"
                width="59px"
            >
                <defs />
                <path
                    d="M284.41262,48.4019739 C284.398665,47.8243037 283.975337,34.0284485 276.662464,18.376771 C272.261715,8.97029932 266.483987,4.6582417 262.241405,2.6705105 C260.836515,1.91999414 259.282762,1.40600415 257.645274,1.14218628 C257.021912,1.02847168 256.61254,0.992083008 256.533456,0.987534424 L256.533456,1.00118018 C256.114781,0.964791504 255.700757,0.9375 255.272777,0.9375 C251.593081,0.9375 248.229718,2.28842944 245.661839,4.49449268 C241.986794,6.96892236 237.818643,11.1900083 234.459932,18.376771 C228.831067,30.4168728 227.286618,41.3334744 226.86329,46.0048701 C226.560913,47.0192043 226.393443,48.1108645 226.393443,49.2843992 C226.393443,57.671988 232.892223,57.671988 238.837421,57.671988 L272.108201,57.671988 C275.280834,57.671988 278.020835,57.671988 280.239817,56.6940425 C282.970515,55.4886677 284.352145,52.9960437 284.352145,49.2843992 C284.352145,48.979644 284.310277,48.6976318 284.287018,48.4065225 L284.41262,48.4019739 Z M265.186092,15.1973108 C265.186092,20.5327998 260.738823,24.8766975 255.272777,24.8766975 C249.80673,24.8766975 245.364113,20.5327998 245.364113,15.1973108 C245.364113,12.067885 246.917866,9.30689453 249.285711,7.53749536 C251.151145,6.43673804 252.742113,5.90910229 253.746936,5.67257593 C254.249347,5.59525 254.751758,5.51792407 255.272777,5.51792407 C260.738823,5.51792407 265.186092,9.86182178 265.186092,15.1973108 L265.186092,15.1973108 Z M238.642039,20.2416904 C239.311921,18.8088865 240.014366,17.5443801 240.735419,16.375394 C241.354129,23.6895171 247.634267,29.4571216 255.272777,29.4571216 C263.213663,29.4571216 269.67988,23.2301101 269.856654,15.5157117 C270.763786,16.8939326 271.643005,18.4586455 272.480357,20.2416904 C275.727421,27.1919268 277.527728,33.8101165 278.541854,38.9090791 C275.39248,36.5119753 271.866299,35.1883374 270.428845,34.733479 C267.591153,33.8283108 261.780861,32.9322397 255.370468,32.9322397 C248.969378,32.9322397 243.400989,33.7919221 240.316743,34.733479 C238.851377,35.1792402 235.622921,36.3891636 232.64567,38.5360952 C233.6691,33.4962642 235.464754,27.0372749 238.642039,20.2416904 L238.642039,20.2416904 Z M278.309256,52.5184424 C277.011361,53.091564 274.634212,53.091564 272.108201,53.091564 L238.637387,53.091564 C231.859489,53.091564 231.077961,52.7003857 231.077961,49.2843992 C231.077961,49.0296785 231.101221,48.7704092 231.129132,48.5065913 L231.301255,48.5111399 C231.301255,48.488397 231.319863,47.9880527 231.389642,47.0965303 C232.752665,42.2977742 238.967676,37.5126638 255.370468,37.5126638 C274.280663,37.5126638 279.667627,43.8670356 279.667627,49.2843992 C279.667627,51.9225779 278.783755,52.3092075 278.309256,52.5184424 L278.309256,52.5184424 Z"
                    fill="#6E5785"
                    fillRule="evenodd"
                    id="Fill-5"
                    stroke="none"
                />
            </svg>
        </a>
    </li>
    <li
        id="projects-4"
    >
        <a
            href="#"
            onClick={[Function]}
        >
            <svg
                height="58px"
                version="1.1"
                viewBox="337 0 59 58"
                width="59px"
            >
                <defs />
                <path
                    d="M395.609342,49.2843992 C395.609342,39.9279619 384.51443,35.6386472 381.672086,34.733479 C378.829741,33.8283108 373.014798,32.9322397 366.595101,32.9322397 C360.189359,32.9322397 354.616318,33.7964707 351.52742,34.733479 C348.443174,35.6704873 337.590164,39.9279619 337.590164,49.2843992 C337.590164,57.671988 344.098248,57.671988 350.048098,57.671988 L383.351441,57.671988 C386.528726,57.671988 389.27338,57.671988 391.492362,56.6940425 C394.227711,55.4886677 395.609342,52.9960437 395.609342,49.2843992 M390.91552,49.2843992 C390.91552,51.9225779 390.031648,52.3092075 389.561801,52.5184424 C388.263905,53.091564 385.877453,53.091564 383.351441,53.091564 L349.843412,53.091564 C343.060863,53.091564 342.279334,52.7003857 342.279334,49.2843992 C342.279334,43.8670356 347.666298,37.5126638 366.595101,37.5126638 C385.523904,37.5126638 390.91552,43.8670356 390.91552,49.2843992 M381.113851,15.1973108 C381.113851,7.33280908 374.559247,0.9375 366.502062,0.9375 C358.444876,0.9375 351.88562,7.33280908 351.88562,15.1973108 C351.88562,23.0618125 358.444876,29.4571216 366.502062,29.4571216 C374.559247,29.4571216 381.113851,23.0618125 381.113851,15.1973108 M376.420029,15.1973108 C376.420029,20.5327998 371.968108,24.8766975 366.502062,24.8766975 C361.026711,24.8766975 356.579443,20.5327998 356.579443,15.1973108 C356.579443,9.86182178 361.026711,5.51792407 366.502062,5.51792407 C371.968108,5.51792407 376.420029,9.86182178 376.420029,15.1973108"
                    fill="#8B97A6"
                    fillRule="evenodd"
                    id="Fill-3"
                    stroke="none"
                />
            </svg>
        </a>
    </li>
    <li
        id="projects-5"
    >
        <a
            href="#"
            onClick={[Function]}
        >
            <svg
                height="58px"
                version="1.1"
                viewBox="448 0 59 58"
                width="59px"
            >
                <defs />
                <path
                    d="M487.667922,57.6674395 L455.457788,57.6674395 C452.140945,57.6674395 448.786885,55.2475928 448.786885,50.6262314 C448.786885,49.3480793 449.066003,48.247322 449.526546,47.3194109 C454.108721,33.9283796 462.789269,8.46540649 463.380067,6.28663477 C464.370933,2.58863599 467.631953,0.9375 470.418474,0.9375 L495.42273,0.9375 C497.176517,0.9375 498.851221,1.79718237 499.92117,3.24363208 C501.107419,4.85383081 501.39584,6.94617944 500.702699,8.98849365 C499.772308,11.7267412 492.743204,37.6946072 491.738382,41.5427092 C490.691692,45.5409146 487.556275,47.9243726 483.35556,47.9243726 L455.760165,47.9243726 C455.746209,47.9243726 454.471574,48.0153442 453.8203,49.0979072 C453.769129,49.220719 453.713305,49.3389822 453.648178,49.4526968 C453.522575,49.7710977 453.443492,50.1577273 453.443492,50.6262314 C453.443492,52.9369121 454.983289,53.1188555 455.457788,53.1188555 L487.667922,53.1188555 C489.705478,53.1188555 492.031455,52.2910132 492.626905,50.4397395 C493.054885,49.1524902 499.70718,25.5134993 502.233192,16.5164001 C502.572784,15.3064768 503.838116,14.583252 505.094144,14.9243958 C506.336216,15.2564424 507.066573,16.5118516 506.72698,17.7217749 C506.350172,19.0454128 497.599845,50.1895674 497.060218,51.822509 C495.915837,55.3704045 492.222185,57.6674395 487.667922,57.6674395 M455.783425,43.3757886 L483.35556,43.3757886 C485.411724,43.3757886 486.714271,42.3751001 487.230638,40.4101118 C488.174985,36.7939875 495.287823,10.4986235 496.283342,7.55114111 C496.506636,6.90524219 496.455464,6.32302344 496.148435,5.90455371 C495.953053,5.64528442 495.678588,5.48608398 495.42273,5.48608398 L470.418474,5.48608398 C470.083533,5.48608398 468.380918,5.58160425 467.883159,7.44652368 C467.278405,9.67987842 459.495685,32.5092214 455.783425,43.3757886"
                    fill="#005921"
                    fillRule="evenodd"
                    id="Fill-1"
                    stroke="none"
                />
            </svg>
        </a>
    </li>
    <li
        id="projects-6"
    >
        <a
            href="#"
            onClick={[Function]}
        >
            <svg
                height="58px"
                version="1.1"
                viewBox="558 0 59 58"
                width="59px"
            >
                <defs />
                <path
                    d="M616.051965,55.2748843 C616.051965,53.9512463 615.028535,52.8777805 613.763203,52.8777805 L589.331137,52.8777805 L589.331137,46.5552488 C597.458102,45.5409146 605.436204,39.2092856 605.436204,29.4889617 L605.436204,21.6335571 C605.436204,20.3099192 604.408122,19.241002 603.147443,19.241002 C601.882111,19.241002 600.858681,20.3099192 600.858681,21.6335571 L600.858681,29.4889617 C600.858681,37.1624229 593.690019,41.9156931 587.042376,41.9156931 C580.394733,41.9156931 573.226071,37.1624229 573.226071,29.4889617 L573.226071,21.6335571 C573.226071,20.3099192 572.202641,19.241002 570.937309,19.241002 C569.676629,19.241002 568.648547,20.3099192 568.648547,21.6335571 L568.648547,29.4889617 C568.648547,39.2092856 576.626649,45.5409146 584.753614,46.5552488 L584.753614,52.8777805 L560.316897,52.8777805 C559.056217,52.8777805 558.032787,53.9512463 558.032787,55.2748843 C558.032787,56.5985222 559.056217,57.6674395 560.316897,57.6674395 L613.763203,57.6674395 C615.028535,57.6674395 616.051965,56.5985222 616.051965,55.2748843 L616.051965,55.2748843 Z M597.146421,27.3010928 L597.146421,11.5948323 C597.146421,5.71806177 592.615417,0.9375 587.042376,0.9375 C581.469334,0.9375 576.93833,5.71806177 576.93833,11.5948323 L576.93833,27.3010928 C576.93833,33.1778633 581.469334,37.958425 587.042376,37.958425 C592.615417,37.958425 597.146421,33.1778633 597.146421,27.3010928 L597.146421,27.3010928 Z M592.57355,27.3010928 C592.57355,30.5396846 590.089406,33.1687661 587.042376,33.1687661 C583.995346,33.1687661 581.515854,30.5396846 581.515854,27.3010928 L581.515854,11.5948323 C581.515854,8.36078906 583.995346,5.72715894 587.042376,5.72715894 C590.089406,5.72715894 592.57355,8.36078906 592.57355,11.5948323 L592.57355,27.3010928 Z"
                    fill="#689038"
                    fillRule="evenodd"
                    id="Fill-19"
                    stroke="none"
                />
            </svg>
        </a>
    </li>
    <li
        id="projects-7"
    >
        <a
            href="#"
            onClick={[Function]}
        >
            <svg
                height="58px"
                version="1.1"
                viewBox="671 0 59 58"
                width="59px"
            >
                <defs />
                <path
                    d="M729.204158,29.3024697 C729.204158,13.8099927 719.351318,1.1922207 707.172501,0.96024292 L707.172501,0.9375 L693.55623,0.9375 C681.219246,0.9375 671.180328,13.664438 671.180328,29.3024697 C671.180328,44.9405015 681.219246,57.6674395 693.55623,57.6674395 L706.8143,57.6674395 L706.832908,57.6674395 C719.169892,57.6674395 729.204158,44.9405015 729.204158,29.3024697 L729.204158,29.3024697 Z M694.812257,5.42240381 C688.597246,10.4667834 684.461658,19.272842 684.461658,29.3024697 C684.461658,39.3275488 688.597246,48.138156 694.807605,53.1825356 L693.55623,53.1825356 C683.726649,53.1825356 675.734591,42.4706204 675.734591,29.3024697 C675.734591,16.1343191 683.726649,5.42240381 693.55623,5.42240381 L694.812257,5.42240381 Z M724.649894,29.3024697 C724.649894,42.4706204 716.657836,53.1870842 706.832908,53.1870842 L706.832908,53.1825356 L706.8143,53.1825356 C696.998676,53.1734385 689.015922,42.4660718 689.015922,29.3024697 C689.015922,16.1343191 697.00798,5.42240381 706.832908,5.42240381 C716.657836,5.42240381 724.649894,16.1343191 724.649894,29.3024697 L724.649894,29.3024697 Z M721.072541,29.3024697 C721.072541,19.1818704 715.341333,11.2491399 708.02846,11.2491399 C700.715588,11.2491399 694.989032,19.1818704 694.989032,29.3024697 C694.989032,39.4276177 700.715588,47.3557996 708.02846,47.3557996 C715.341333,47.3557996 721.072541,39.4276177 721.072541,29.3024697 L721.072541,29.3024697 Z M716.518277,29.3024697 C716.518277,36.65753 712.629243,42.8708958 708.02846,42.8708958 C703.427677,42.8708958 699.543295,36.65753 699.543295,29.3024697 C699.543295,21.9474094 703.427677,15.7340437 708.02846,15.7340437 C712.629243,15.7340437 716.518277,21.9474094 716.518277,29.3024697 L716.518277,29.3024697 Z"
                    fill="#7A2D04"
                    fillRule="evenodd"
                    id="Fill-12-Copy"
                    stroke="none"
                />
            </svg>
        </a>
    </li>
    <li
        id="projects-8"
    >
        <a
            href="#"
            onClick={[Function]}
        >
            <svg
                height="58px"
                version="1.1"
                viewBox="784 0 59 58"
                width="59px"
            >
                <defs />
                <path
                    d="M842.347047,44.1308535 L842.347047,43.020999 L841.458523,42.3296143 C834.196822,36.7166616 830.033323,27.801437 830.033323,17.8809753 C830.033323,11.2536885 824.734747,6.08194849 819.319871,5.00393408 C819.115185,2.23839502 815.356406,0.9375 813.337458,0.9375 C811.323161,0.9375 807.94119,2.23839502 807.596946,4.86747656 C801.702919,6.28208618 796.646245,11.2536885 796.646245,17.8809753 C796.646245,27.801437 792.478093,36.712113 785.21174,42.3296143 L784.327869,43.020999 L784.327869,44.1308535 C784.327869,47.460417 787.212081,50.1668245 790.75687,50.1668245 L803.089202,50.1668245 C804.201019,54.4697849 808.378474,57.6674395 813.337458,57.6674395 C818.301093,57.6674395 822.469245,54.4697849 823.581062,50.1668245 L835.913393,50.1668245 C839.462835,50.1668245 842.347047,47.460417 842.347047,44.1308535 M837.374107,44.9495986 C837.043818,45.3316797 836.49954,45.590949 835.913393,45.590949 L819.22218,45.590949 L819.22218,47.8834353 C819.22218,50.7535918 816.57987,53.091564 813.337458,53.091564 C810.090393,53.091564 807.452735,50.7535918 807.452735,47.8834353 L807.452735,45.590949 L790.75687,45.590949 C790.170724,45.590949 789.631097,45.3316797 789.300808,44.9495986 C796.948622,38.4314778 801.298199,28.6565708 801.298199,17.8809753 C801.298199,11.2491399 808.085401,9.56616382 811.006828,9.14314551 C811.016132,8.94300781 811.239426,5.5088269 813.421193,5.5088269 C815.60296,5.5088269 815.668087,8.94300781 815.668087,9.14314551 C818.584863,9.56616382 825.376716,11.2491399 825.376716,17.8809753 C825.376716,28.6565708 829.726294,38.4314778 837.374107,44.9495986"
                    fill="#B27008"
                    fillRule="evenodd"
                    id="Fill-17"
                    stroke="none"
                />
            </svg>
        </a>
    </li>
    <li
        id="projects-9"
    >
        <a
            href="#"
            onClick={[Function]}
        >
            <svg
                height="57px"
                version="1.1"
                viewBox="1087 230 59 57"
                width="59px"
            >
                <defs />
                <path
                    d="M1118.82862,280.5659 L1105.40362,258.2959 L1125.27162,236.1169 L1139.72962,258.2369 L1118.82862,280.5659 Z M1144.70762,257.4459 L1127.81162,231.1589 C1127.44362,230.5319 1126.79762,230.1089 1126.06662,230.0179 C1125.33162,229.9309 1124.60162,230.1719 1124.08562,230.6909 L1100.78362,256.2989 C1100.55562,256.5309 1100.40262,256.8039 1100.29062,257.0859 C1100.27162,257.1229 1100.23962,257.1449 1100.22062,257.1819 L1087.20462,283.4729 C1086.67462,284.6369 1087.20962,286.0109 1088.40062,286.5289 C1088.71162,286.6659 1089.03762,286.7289 1089.35862,286.7289 C1090.26062,286.7289 1091.12162,286.2199 1091.51662,285.3559 L1102.72862,263.0399 L1116.28862,285.5329 C1116.65662,286.1649 1117.30262,286.5879 1118.03762,286.6789 C1118.13562,286.6929 1118.23762,286.7019 1118.33562,286.7019 C1118.96862,286.7019 1119.57762,286.4519 1120.02462,286.0019 L1144.34962,260.2159 C1145.08862,259.4739 1145.23262,258.3419 1144.70762,257.4459 L1144.70762,257.4459 Z"
                    fill="#DFAB26"
                    fillRule="evenodd"
                    id="Page-1"
                    stroke="none"
                />
            </svg>
        </a>
    </li>
</ul>,
]
`;
